104088  ./lib/modules/2.6.18-398.0.0.0.1.el5xen/kernel
104088  ./lib/modules/2.6.18-406.0.0.0.1.el5xen/kernel
104140  ./opt/oracle/oak/pkgrepos/orapkgs/OAK/12.1.2.3.0/Base
104144  ./opt/oracle/oak/pkgrepos/orapkgs/OAK/12.1.2.3.0
104328  ./lib/modules/2.6.18-398.0.0.0.1.el5/kernel
104336  ./lib/modules/2.6.18-406.0.0.0.1.el5/kernel
105544  ./lib/modules/2.6.18-398.0.0.0.1.el5xen
105544  ./lib/modules/2.6.18-406.0.0.0.1.el5xen
105732  ./lib/modules/2.6.18-398.0.0.0.1.el5
105740  ./lib/modules/2.6.18-406.0.0.0.1.el5
106448  ./opt/oracle/oak/pkgrepos/orapkgs/OAK/12.1.2.5.0/Base
106452  ./opt/oracle/oak/pkgrepos/orapkgs/OAK/12.1.2.5.0
106696  ./home/oracle
106740  ./home
107160  ./lib/modules/2.6.39-400.245.1.el5uek/kernel
107160  ./lib/modules/2.6.39-400.264.1.el5uek/kernel
107500  ./opt/oracle/oak/log/awchtoda02-pub/client
112796  ./lib/modules/2.6.39-400.264.1.el5uek
112812  ./lib/modules/2.6.39-400.245.1.el5uek
114136  ./usr/bin
115560  ./usr/java/jdk1.7.0_85/lib
120148  ./usr/lib/locale
121676  ./opt/oracle/oak/lib
123864  ./opt/oracle/oak/pkgrepos/orapkgs/JDK/1.7.0_72/Base
123868  ./opt/oracle/oak/pkgrepos/orapkgs/JDK/1.7.0_72
131116  ./opt/oracle/oak/nls/data
131120  ./opt/oracle/oak/nls
135048  ./opt/oracle/oak/pkgrepos/orapkgs/JDK/1.7.0_85/Base
135052  ./opt/oracle/oak/pkgrepos/orapkgs/JDK/1.7.0_85
138048  ./var
143044  ./usr/java/jdk1.7.0_85/jre/lib
143832  ./usr/java/jdk1.7.0_85/jre
146948  ./opt/oracle/oak/oswbb/archive/oswslabinfo
151396  ./usr/share/doc
154140  ./opt/oracle/oak/pkgrepos/orapkgs/OPATCH
157756  ./opt/oracle/oak/pkgrepos/thirdpartypkgs/Firmware/Ilom/SUN
157760  ./opt/oracle/oak/pkgrepos/thirdpartypkgs/Firmware/Ilom
165448  ./usr/share/locale
165724  ./opt/oracle/oak/pkgrepos/orapkgs/DB/12.1.0.2.3/Patches/20299023
165728  ./opt/oracle/oak/pkgrepos/orapkgs/DB/12.1.0.2.3/Patches
172684  ./opt/oracle/oak/log/awchtoda02-pub/plugin
183276  ./opt/oracle/oak/log/awchtoda02-pub/adapters
196556  ./usr/lib
210600  ./opt/oracle/oak/pkgrepos/orapkgs/OAK
216644  ./opt/oracle/oak/pkgrepos/thirdpartypkgs/Firmware
216648  ./opt/oracle/oak/pkgrepos/thirdpartypkgs
258924  ./opt/oracle/oak/pkgrepos/orapkgs/JDK
287052  ./usr/java/jdk1.7.0_85
287056  ./usr/java
287936  ./opt/oracle/oak/pkgrepos/orapkgs/DB/11.2.0.2.12/Patches/17082367
287940  ./opt/oracle/oak/pkgrepos/orapkgs/DB/11.2.0.2.12/Patches
287944  ./opt/oracle/oak/pkgrepos/orapkgs/DB/11.2.0.2.12
293672  ./opt/oracle/oak/oswbb/archive/oswiostat
334908  ./opt/oracle/oak/pkgrepos/orapkgs/OVS/12.1.2.5.0/Base
334912  ./opt/oracle/oak/pkgrepos/orapkgs/OVS/12.1.2.5.0
334916  ./opt/oracle/oak/pkgrepos/orapkgs/OVS
410504  ./usr/lib64
536344  ./opt/oracle/oak/pkgrepos/orapkgs/OEL/5.11/Patches/5.11.1
536348  ./opt/oracle/oak/pkgrepos/orapkgs/OEL/5.11/Patches
536352  ./opt/oracle/oak/pkgrepos/orapkgs/OEL/5.11
536356  ./opt/oracle/oak/pkgrepos/orapkgs/OEL
615812  ./opt/oracle/oak/pkgrepos/orapkgs/DB/11.2.0.3.15/Patches/20760997
615816  ./opt/oracle/oak/pkgrepos/orapkgs/DB/11.2.0.3.15/Patches
615820  ./opt/oracle/oak/pkgrepos/orapkgs/DB/11.2.0.3.15
652200  ./opt/oracle/oak/pkgrepos/orapkgs/DB/11.2.0.4.8/Patches/21352635
652204  ./opt/oracle/oak/pkgrepos/orapkgs/DB/11.2.0.4.8/Patches
652208  ./opt/oracle/oak/pkgrepos/orapkgs/DB/11.2.0.4.8
685408  ./usr/share
704196  ./lib/modules
751920  ./lib
1114284 ./opt/oracle/oak/pkgrepos/orapkgs/DB/12.1.0.2.5/Patches/21359755
1114288 ./opt/oracle/oak/pkgrepos/orapkgs/DB/12.1.0.2.5/Patches
1114292 ./opt/oracle/oak/pkgrepos/orapkgs/DB/12.1.0.2.5
1284752 ./opt/oracle/oak/log/test/dcli
1309100 ./opt/oracle/oak/log/test
1851004 ./usr
1852620 ./opt/oracle/oak/log/awchtoda02-pub/oak
2107200 ./opt/oracle/oak/pkgrepos/orapkgs/DB/11.2.0.4.6/Base
2107204 ./opt/oracle/oak/pkgrepos/orapkgs/DB/11.2.0.4.6
2393940 ./opt/oracle/oak/pkgrepos/orapkgs/DB/12.1.0.2.3/Base
2559672 ./opt/oracle/oak/pkgrepos/orapkgs/DB/12.1.0.2.3
2998772 ./opt/oracle/oak/oswbb/archive/oswps
3438592 ./opt/oracle/oak/pkgrepos/orapkgs/GI/12.1.0.2.3/Base
3438596 ./opt/oracle/oak/pkgrepos/orapkgs/GI/12.1.0.2.3
3541256 ./opt/oracle/oak/pkgrepos/orapkgs/GI/12.1.0.2.5/Base
3541260 ./opt/oracle/oak/pkgrepos/orapkgs/GI/12.1.0.2.5
3666592 ./opt/oracle/oak/oswbb/archive
3668020 ./opt/oracle/oak/oswbb
6979860 ./opt/oracle/oak/pkgrepos/orapkgs/GI
7337144 ./opt/oracle/oak/pkgrepos/orapkgs/DB
15926208        ./opt/oracle/oak/pkgrepos/orapkgs
16156460        ./opt/oracle/oak/pkgrepos
17625864        ./opt/oracle/oak/log/awchtoda02-pub/dcli
19947592        ./opt/oracle/oak/log/awchtoda02-pub
21257928        ./opt/oracle/oak/log
24581228        ./dev
41488224        ./opt/oracle/oak
41488740        ./opt/oracle
41493576        ./opt
5587467692      ./mnt
6350264568      .

