
Index altered.


Index altered.


Index altered.


Index altered.


Index altered.


Index altered.


Index altered.


Index altered.


Index altered.


Index altered.


Index altered.


Index altered.


Index altered.


Index altered.


Index altered.


Index altered.


Index altered.


Index altered.


Index altered.


Index altered.


Index altered.


Index altered.


Index altered.


Index altered.


Index altered.


Index altered.


Index altered.


Index altered.


Index altered.


Index altered.


Index altered.


Index altered.


Index altered.


Index altered.


Index altered.


Index altered.


Index altered.


Index altered.


Index altered.


Index altered.


Index altered.


Index altered.


Index altered.


Index altered.


Index altered.


Index altered.


Index altered.


Index altered.


Index altered.


Index altered.


Index altered.


Index altered.


Index altered.


Index altered.


Index altered.


Index altered.


Index altered.


Index altered.


Index altered.


Index altered.


Index altered.


Index altered.


Index altered.


Index altered.


Index altered.


Index altered.


Index altered.


Index altered.


Index altered.


Index altered.


Index altered.


Index altered.


Index altered.


Index altered.


Index altered.


Index altered.


Index altered.


Index altered.


Index altered.


Index altered.


Index altered.


Index altered.


Index altered.


Index altered.


Index altered.


Index altered.


Index altered.


Index altered.


Index altered.


Index altered.


Index altered.


Index altered.


Index altered.


Index altered.


Index altered.


Index altered.


Index altered.


Index altered.


Index altered.


Index altered.


Index altered.


Index altered.


Index altered.


Index altered.


Index altered.


Index altered.


Index altered.


Index altered.


Index altered.


Index altered.


Index altered.


Index altered.


Index altered.


Index altered.


Index altered.


Index altered.


Index altered.


Index altered.


Index altered.


Index altered.


Index altered.


Index altered.


Index altered.


Index altered.


Index altered.


Index altered.


Index altered.


Index altered.


Index altered.


Index altered.


Index altered.


Index altered.


Index altered.


Index altered.


Index altered.


Index altered.


Index altered.


Index altered.


Index altered.


Index altered.


Index altered.


Index altered.


Index altered.


Index altered.


Index altered.


Index altered.


Index altered.


Index altered.


Index altered.


Index altered.


Index altered.


Index altered.


Index altered.


Index altered.


Index altered.


Index altered.


Index altered.


Index altered.


Index altered.


Index altered.


Index altered.


Index altered.


Index altered.


Index altered.


Index altered.


Index altered.


Index altered.


Index altered.


Index altered.


Index altered.


Index altered.


Index altered.


Index altered.


Index altered.


Index altered.


Index altered.


Index altered.


Index altered.


Index altered.


Index altered.


Index altered.


Index altered.


Index altered.


Index altered.


Index altered.


Index altered.


Index altered.


Index altered.


Index altered.


Index altered.


Index altered.


Index altered.


Index altered.


Index altered.


Index altered.


Index altered.


Index altered.


Index altered.


Index altered.


Index altered.


Index altered.


Index altered.


Index altered.


Index altered.


Index altered.


Index altered.


Index altered.


Index altered.


Index altered.


Index altered.


Index altered.


Index altered.


Index altered.


Index altered.


Index altered.


Index altered.


Index altered.


Index altered.


Index altered.


Index altered.


Index altered.


Index altered.


Index altered.


Index altered.


Index altered.


Index altered.


Index altered.


Index altered.


Index altered.


Index altered.


Index altered.


Index altered.


Index altered.


Index altered.


Index altered.


Index altered.


Index altered.


Index altered.


Index altered.


Index altered.


Index altered.


Index altered.


Index altered.


Index altered.


Index altered.


Index altered.


Index altered.


Index altered.


Index altered.


Index altered.


Index altered.


Index altered.


Index altered.


Index altered.


Index altered.


Index altered.


Index altered.


Index altered.


Index altered.


Index altered.


Index altered.


Index altered.


Index altered.


Index altered.


Index altered.


Index altered.


Index altered.


Index altered.


Index altered.


Index altered.


Index altered.


Index altered.


Index altered.


Index altered.


Index altered.


Index altered.


Index altered.


Index altered.


Index altered.


Index altered.


Index altered.


Index altered.


Index altered.


Index altered.


Index altered.


Index altered.


Index altered.


Index altered.


Index altered.


Index altered.


Index altered.


Index altered.


Index altered.


Index altered.


Index altered.


Index altered.


Index altered.


Index altered.


Index altered.


Index altered.


Index altered.


Index altered.


Index altered.


Index altered.


Index altered.


Index altered.


Index altered.


Index altered.


Index altered.


Index altered.


Index altered.


Index altered.


Index altered.


Index altered.


Index altered.


Index altered.


Index altered.


Index altered.


Index altered.


Index altered.


Index altered.


Index altered.


Index altered.


Index altered.


Index altered.


Index altered.


Index altered.


Index altered.


Index altered.


Index altered.


Index altered.


Index altered.


Index altered.


Index altered.


Index altered.


Index altered.


Index altered.


Index altered.


Index altered.


Index altered.


Index altered.


Index altered.


Index altered.


Index altered.


Index altered.


Index altered.


Index altered.


Index altered.


Index altered.


Index altered.


Index altered.


Index altered.


Index altered.


Index altered.


Index altered.


Index altered.


Index altered.


Index altered.


Index altered.


Index altered.


Index altered.


Index altered.


Index altered.


Index altered.


Index altered.


Index altered.


Index altered.


Index altered.


Index altered.


Index altered.


Index altered.


Index altered.


Index altered.


Index altered.


Index altered.


Index altered.


Index altered.


Index altered.


Index altered.


Index altered.


Index altered.


Index altered.


Index altered.


Index altered.


Index altered.


Index altered.


Index altered.


Index altered.


Index altered.


Index altered.


Index altered.


Index altered.


Index altered.


Index altered.


Index altered.


Index altered.


Index altered.


Index altered.


Index altered.


Index altered.


Index altered.


Index altered.


Index altered.


Index altered.


Index altered.


Index altered.


Index altered.


Index altered.


Index altered.


Index altered.


Index altered.


Index altered.


Index altered.


Index altered.


Index altered.


Index altered.


Index altered.


Index altered.


Index altered.


Index altered.


Index altered.


Index altered.


Index altered.


Index altered.


Index altered.


Index altered.


Index altered.


Index altered.


Index altered.


Index altered.


Index altered.


Index altered.


Index altered.


Index altered.


Index altered.


Index altered.


Index altered.


Index altered.


Index altered.


Index altered.


Index altered.


Index altered.


Index altered.


Index altered.


Index altered.


Index altered.


Index altered.


Index altered.


Index altered.


Index altered.


Index altered.


Index altered.


Index altered.


Index altered.


Index altered.


Index altered.


Index altered.


Index altered.


Index altered.


Index altered.


Index altered.


Index altered.


Index altered.


Index altered.


Index altered.


Index altered.


Index altered.


Index altered.


Index altered.


Index altered.


Index altered.


Index altered.


Index altered.


Index altered.


Index altered.


Index altered.


Index altered.


Index altered.


Index altered.


Index altered.


Index altered.


Index altered.


Index altered.


Index altered.


Index altered.


Index altered.


Index altered.


Index altered.


Index altered.


Index altered.


Index altered.


Index altered.


Index altered.


Index altered.


Index altered.


Index altered.


Index altered.


Index altered.


Index altered.


Index altered.


Index altered.


Index altered.


Index altered.


Index altered.


Index altered.


Index altered.


Index altered.


Index altered.


Index altered.


Index altered.


Index altered.


Index altered.


Index altered.


Index altered.


Index altered.


Index altered.


Index altered.


Index altered.


Index altered.


Index altered.


Index altered.


Index altered.


Index altered.


Index altered.


Index altered.


Index altered.


Index altered.


Index altered.


Index altered.


Index altered.


Index altered.


Index altered.


Index altered.


Index altered.


Index altered.


Index altered.


Index altered.


Index altered.


Index altered.


Index altered.


Index altered.


Index altered.


Index altered.


Index altered.


Index altered.


Index altered.


Index altered.


Index altered.


Index altered.


Index altered.


Index altered.


Index altered.


Index altered.


Index altered.


Index altered.


Index altered.


Index altered.


Index altered.


Index altered.


Index altered.


Index altered.


Index altered.


Index altered.


Index altered.


Index altered.


Index altered.


Index altered.


Index altered.


Index altered.


Index altered.


Index altered.


Index altered.


Index altered.


Index altered.


Index altered.


Index altered.


Index altered.


Index altered.


Index altered.


Index altered.


Index altered.


Index altered.


Index altered.


Index altered.


Index altered.


Index altered.


Index altered.


Index altered.


Index altered.


Index altered.


Index altered.


Index altered.


Index altered.


Index altered.


Index altered.


Index altered.


Index altered.


Index altered.


Index altered.


Index altered.


Index altered.


Index altered.


Index altered.


Index altered.


Index altered.


Index altered.


Index altered.


Index altered.


Index altered.


Index altered.


Index altered.


Index altered.


Index altered.


Index altered.


Index altered.


Index altered.


Index altered.


Index altered.


Index altered.


Index altered.


Index altered.


Index altered.


Index altered.


Index altered.


Index altered.


Index altered.


Index altered.


Index altered.


Index altered.


Index altered.


Index altered.


Index altered.


Index altered.


Index altered.


Index altered.


Index altered.


Index altered.


Index altered.


Index altered.


Index altered.


Index altered.


Index altered.


Index altered.


Index altered.


Index altered.


Index altered.


Index altered.


Index altered.


Index altered.


Index altered.


Index altered.


Index altered.


Index altered.


Index altered.


Index altered.


Index altered.


Index altered.


Index altered.


Index altered.


Index altered.


Index altered.


Index altered.


Index altered.


Index altered.


Index altered.


Index altered.


Index altered.


Index altered.


Index altered.


Index altered.


Index altered.


Index altered.


Index altered.


Index altered.


Index altered.


Index altered.


Index altered.


Index altered.


Index altered.


Index altered.


Index altered.


Index altered.


Index altered.


Index altered.


Index altered.


Index altered.


Index altered.


Index altered.


Index altered.


Index altered.


Index altered.


Index altered.


Index altered.


Index altered.


Index altered.


Index altered.


Index altered.


Index altered.


Index altered.


Index altered.


Index altered.


Index altered.


Index altered.


Index altered.


Index altered.


Index altered.


Index altered.


Index altered.


Index altered.


Index altered.


Index altered.


Index altered.


Index altered.


Index altered.


Index altered.


Index altered.


Index altered.


Index altered.


Index altered.


Index altered.


Index altered.


Index altered.


Index altered.


Index altered.


Index altered.


Index altered.


Index altered.


Index altered.


Index altered.


Index altered.


Index altered.


Index altered.


Index altered.


Index altered.


Index altered.


Index altered.


Index altered.


Index altered.


Index altered.


Index altered.


Index altered.


Index altered.


Index altered.


Index altered.


Index altered.


Index altered.


Index altered.


Index altered.


Index altered.


Index altered.


Index altered.


Index altered.


Index altered.


Index altered.


Index altered.


Index altered.


Index altered.


Index altered.


Index altered.


Index altered.


Index altered.


Index altered.


Index altered.


Index altered.


Index altered.


Index altered.


Index altered.


Index altered.


Index altered.


Index altered.


Index altered.


Index altered.


Index altered.


Index altered.


Index altered.


Index altered.


Index altered.


Index altered.


Index altered.


Index altered.


Index altered.


Index altered.


Index altered.


Index altered.


Index altered.


Index altered.


Index altered.


Index altered.


Index altered.


Index altered.


Index altered.


Index altered.


Index altered.


Index altered.


Index altered.


Index altered.


Index altered.


Index altered.


Index altered.


Index altered.


Index altered.


Index altered.


Index altered.


Index altered.


Index altered.


Index altered.


Index altered.


Index altered.


Index altered.


Index altered.


Index altered.


Index altered.


Index altered.


Index altered.


Index altered.


Index altered.


Index altered.


Index altered.


Index altered.


Index altered.


Index altered.


Index altered.


Index altered.


Index altered.


Index altered.


Index altered.


Index altered.


Index altered.


Index altered.


Index altered.


Index altered.


Index altered.


Index altered.


Index altered.


Index altered.


Index altered.


Index altered.


Index altered.


Index altered.


Index altered.


Index altered.


Index altered.


Index altered.


Index altered.


Index altered.


Index altered.


Index altered.


Index altered.


Index altered.


Index altered.


Index altered.


Index altered.


Index altered.


Index altered.


Index altered.


Index altered.


Index altered.


Index altered.


Index altered.


Index altered.


Index altered.


Index altered.


Index altered.


Index altered.


Index altered.


Index altered.


Index altered.


Index altered.


Index altered.


Index altered.


Index altered.


Index altered.


Index altered.

